// Jest Snapshot v1, https://goo.gl/fbAQLP

exports[`<CommentReply /> rendering renders correctly 1`] = `
ShallowWrapper {
  Symbol(enzyme.__root__): [Circular],
  Symbol(enzyme.__unrendered__): <CommentReply
    allComments={
      Array [
        Object {
          "category": "General",
          "commentId": "ebf03093-74a3-4cd3-b5d0-a30d32a90f4b",
          "commentText": "My new comment",
          "createdBy": "admin",
          "createdTime": "2018-09-27T10:16:44.444Z",
          "lastUpdatedBy": "admin",
          "lastUpdatedTime": "2018-09-27T10:37:03.570Z",
          "parentCommentId": null,
          "replies": Array [
            Object {
              "category": "General",
              "commentId": "adf03093-74a3-4cd3-b5d0-a30d32a90f4b",
              "commentText": "My new comment reply",
              "createdBy": "admin",
              "createdTime": "2018-09-27T10:17:44.444Z",
              "lastUpdatedBy": "admin",
              "lastUpdatedTime": "2018-09-27T11:37:03.570Z",
              "parentCommentId": "ebf03093-74a3-4cd3-b5d0-a30d32a90f4b",
              "replies": Array [],
              "username": "admin",
            },
          ],
          "username": "admin",
        },
      ]
    }
    api={null}
    apiId="6e770272-212b-404e-ab9c-333fdba02f2f"
    classes={Object {}}
    comments={
      Array [
        Object {
          "category": "General",
          "commentId": "adf03093-74a3-4cd3-b5d0-a30d32a90f4b",
          "commentText": "My new comment reply",
          "createdBy": "admin",
          "createdTime": "2018-09-27T10:17:44.444Z",
          "lastUpdatedBy": "admin",
          "lastUpdatedTime": "2018-09-27T11:37:03.570Z",
          "parentCommentId": "ebf03093-74a3-4cd3-b5d0-a30d32a90f4b",
          "replies": Array [],
          "username": "admin",
        },
      ]
    }
    commentsUpdate={[MockFunction]}
    theme={
      Object {
        "custom": Object {
          "maxCommentLength": 512,
        },
      }
    }
  />,
  Symbol(enzyme.__renderer__): Object {
    "batchedUpdates": [Function],
    "getNode": [Function],
    "render": [Function],
    "simulateError": [Function],
    "simulateEvent": [Function],
    "unmount": [Function],
  },
  Symbol(enzyme.__node__): Object {
    "instance": null,
    "key": "adf03093-74a3-4cd3-b5d0-a30d32a90f4b-0",
    "nodeType": "host",
    "props": Object {
      "children": <WithStyles(Grid)
        container={true}
        spacing={8}
      >
        <WithStyles(Grid)
          item={true}
        >
          <pure(AccountBox) />
        </WithStyles(Grid)>
        <WithStyles(Grid)
          item={true}
          xs={true}
          zeroMinWidth={true}
        >
          <WithStyles(Typography)
            noWrap={true}
            variant="body2"
          >
            admin
          </WithStyles(Typography)>
          <WithStyles(Typography)>
            My new comment reply
          </WithStyles(Typography)>
          <WithStyles(CommentOptions)
            classes={Object {}}
            comment={
              Object {
                "category": "General",
                "commentId": "adf03093-74a3-4cd3-b5d0-a30d32a90f4b",
                "commentText": "My new comment reply",
                "createdBy": "admin",
                "createdTime": "2018-09-27T10:17:44.444Z",
                "lastUpdatedBy": "admin",
                "lastUpdatedTime": "2018-09-27T11:37:03.570Z",
                "parentCommentId": "ebf03093-74a3-4cd3-b5d0-a30d32a90f4b",
                "replies": Array [],
                "username": "admin",
              }
            }
            editIndex={-1}
            handleClickOpen={[Function]}
            index={0}
            showEditComment={[Function]}
          />
        </WithStyles(Grid)>
      </WithStyles(Grid)>,
      "className": undefined,
    },
    "ref": null,
    "rendered": Object {
      "instance": null,
      "key": undefined,
      "nodeType": "class",
      "props": Object {
        "children": Array [
          <WithStyles(Grid)
            item={true}
          >
            <pure(AccountBox) />
          </WithStyles(Grid)>,
          <WithStyles(Grid)
            item={true}
            xs={true}
            zeroMinWidth={true}
          >
            <WithStyles(Typography)
              noWrap={true}
              variant="body2"
            >
              admin
            </WithStyles(Typography)>
            <WithStyles(Typography)>
              My new comment reply
            </WithStyles(Typography)>
            <WithStyles(CommentOptions)
              classes={Object {}}
              comment={
                Object {
                  "category": "General",
                  "commentId": "adf03093-74a3-4cd3-b5d0-a30d32a90f4b",
                  "commentText": "My new comment reply",
                  "createdBy": "admin",
                  "createdTime": "2018-09-27T10:17:44.444Z",
                  "lastUpdatedBy": "admin",
                  "lastUpdatedTime": "2018-09-27T11:37:03.570Z",
                  "parentCommentId": "ebf03093-74a3-4cd3-b5d0-a30d32a90f4b",
                  "replies": Array [],
                  "username": "admin",
                }
              }
              editIndex={-1}
              handleClickOpen={[Function]}
              index={0}
              showEditComment={[Function]}
            />
          </WithStyles(Grid)>,
        ],
        "className": undefined,
        "container": true,
        "spacing": 8,
      },
      "ref": null,
      "rendered": Array [
        Object {
          "instance": null,
          "key": undefined,
          "nodeType": "class",
          "props": Object {
            "children": <pure(AccountBox) />,
            "item": true,
          },
          "ref": null,
          "rendered": Object {
            "instance": null,
            "key": undefined,
            "nodeType": "class",
            "props": Object {
              "className": undefined,
            },
            "ref": null,
            "rendered": null,
            "type": [Function],
          },
          "type": [Function],
        },
        Object {
          "instance": null,
          "key": undefined,
          "nodeType": "class",
          "props": Object {
            "children": Array [
              <WithStyles(Typography)
                noWrap={true}
                variant="body2"
              >
                admin
              </WithStyles(Typography)>,
              <WithStyles(Typography)>
                My new comment reply
              </WithStyles(Typography)>,
              false,
              false,
              <WithStyles(CommentOptions)
                classes={Object {}}
                comment={
                  Object {
                    "category": "General",
                    "commentId": "adf03093-74a3-4cd3-b5d0-a30d32a90f4b",
                    "commentText": "My new comment reply",
                    "createdBy": "admin",
                    "createdTime": "2018-09-27T10:17:44.444Z",
                    "lastUpdatedBy": "admin",
                    "lastUpdatedTime": "2018-09-27T11:37:03.570Z",
                    "parentCommentId": "ebf03093-74a3-4cd3-b5d0-a30d32a90f4b",
                    "replies": Array [],
                    "username": "admin",
                  }
                }
                editIndex={-1}
                handleClickOpen={[Function]}
                index={0}
                showEditComment={[Function]}
              />,
            ],
            "item": true,
            "xs": true,
            "zeroMinWidth": true,
          },
          "ref": null,
          "rendered": Array [
            Object {
              "instance": null,
              "key": undefined,
              "nodeType": "class",
              "props": Object {
                "children": "admin",
                "className": undefined,
                "noWrap": true,
                "variant": "body2",
              },
              "ref": null,
              "rendered": "admin",
              "type": [Function],
            },
            Object {
              "instance": null,
              "key": undefined,
              "nodeType": "class",
              "props": Object {
                "children": "My new comment reply",
                "className": undefined,
              },
              "ref": null,
              "rendered": "My new comment reply",
              "type": [Function],
            },
            false,
            false,
            Object {
              "instance": null,
              "key": undefined,
              "nodeType": "class",
              "props": Object {
                "classes": Object {},
                "comment": Object {
                  "category": "General",
                  "commentId": "adf03093-74a3-4cd3-b5d0-a30d32a90f4b",
                  "commentText": "My new comment reply",
                  "createdBy": "admin",
                  "createdTime": "2018-09-27T10:17:44.444Z",
                  "lastUpdatedBy": "admin",
                  "lastUpdatedTime": "2018-09-27T11:37:03.570Z",
                  "parentCommentId": "ebf03093-74a3-4cd3-b5d0-a30d32a90f4b",
                  "replies": Array [],
                  "username": "admin",
                },
                "editIndex": -1,
                "handleClickOpen": [Function],
                "index": 0,
                "showAddComment": undefined,
                "showEditComment": [Function],
              },
              "ref": null,
              "rendered": null,
              "type": [Function],
            },
          ],
          "type": [Function],
        },
      ],
      "type": [Function],
    },
    "type": "div",
  },
  Symbol(enzyme.__nodes__): Array [
    Object {
      "instance": null,
      "key": "adf03093-74a3-4cd3-b5d0-a30d32a90f4b-0",
      "nodeType": "host",
      "props": Object {
        "children": <WithStyles(Grid)
          container={true}
          spacing={8}
        >
          <WithStyles(Grid)
            item={true}
          >
            <pure(AccountBox) />
          </WithStyles(Grid)>
          <WithStyles(Grid)
            item={true}
            xs={true}
            zeroMinWidth={true}
          >
            <WithStyles(Typography)
              noWrap={true}
              variant="body2"
            >
              admin
            </WithStyles(Typography)>
            <WithStyles(Typography)>
              My new comment reply
            </WithStyles(Typography)>
            <WithStyles(CommentOptions)
              classes={Object {}}
              comment={
                Object {
                  "category": "General",
                  "commentId": "adf03093-74a3-4cd3-b5d0-a30d32a90f4b",
                  "commentText": "My new comment reply",
                  "createdBy": "admin",
                  "createdTime": "2018-09-27T10:17:44.444Z",
                  "lastUpdatedBy": "admin",
                  "lastUpdatedTime": "2018-09-27T11:37:03.570Z",
                  "parentCommentId": "ebf03093-74a3-4cd3-b5d0-a30d32a90f4b",
                  "replies": Array [],
                  "username": "admin",
                }
              }
              editIndex={-1}
              handleClickOpen={[Function]}
              index={0}
              showEditComment={[Function]}
            />
          </WithStyles(Grid)>
        </WithStyles(Grid)>,
        "className": undefined,
      },
      "ref": null,
      "rendered": Object {
        "instance": null,
        "key": undefined,
        "nodeType": "class",
        "props": Object {
          "children": Array [
            <WithStyles(Grid)
              item={true}
            >
              <pure(AccountBox) />
            </WithStyles(Grid)>,
            <WithStyles(Grid)
              item={true}
              xs={true}
              zeroMinWidth={true}
            >
              <WithStyles(Typography)
                noWrap={true}
                variant="body2"
              >
                admin
              </WithStyles(Typography)>
              <WithStyles(Typography)>
                My new comment reply
              </WithStyles(Typography)>
              <WithStyles(CommentOptions)
                classes={Object {}}
                comment={
                  Object {
                    "category": "General",
                    "commentId": "adf03093-74a3-4cd3-b5d0-a30d32a90f4b",
                    "commentText": "My new comment reply",
                    "createdBy": "admin",
                    "createdTime": "2018-09-27T10:17:44.444Z",
                    "lastUpdatedBy": "admin",
                    "lastUpdatedTime": "2018-09-27T11:37:03.570Z",
                    "parentCommentId": "ebf03093-74a3-4cd3-b5d0-a30d32a90f4b",
                    "replies": Array [],
                    "username": "admin",
                  }
                }
                editIndex={-1}
                handleClickOpen={[Function]}
                index={0}
                showEditComment={[Function]}
              />
            </WithStyles(Grid)>,
          ],
          "className": undefined,
          "container": true,
          "spacing": 8,
        },
        "ref": null,
        "rendered": Array [
          Object {
            "instance": null,
            "key": undefined,
            "nodeType": "class",
            "props": Object {
              "children": <pure(AccountBox) />,
              "item": true,
            },
            "ref": null,
            "rendered": Object {
              "instance": null,
              "key": undefined,
              "nodeType": "class",
              "props": Object {
                "className": undefined,
              },
              "ref": null,
              "rendered": null,
              "type": [Function],
            },
            "type": [Function],
          },
          Object {
            "instance": null,
            "key": undefined,
            "nodeType": "class",
            "props": Object {
              "children": Array [
                <WithStyles(Typography)
                  noWrap={true}
                  variant="body2"
                >
                  admin
                </WithStyles(Typography)>,
                <WithStyles(Typography)>
                  My new comment reply
                </WithStyles(Typography)>,
                false,
                false,
                <WithStyles(CommentOptions)
                  classes={Object {}}
                  comment={
                    Object {
                      "category": "General",
                      "commentId": "adf03093-74a3-4cd3-b5d0-a30d32a90f4b",
                      "commentText": "My new comment reply",
                      "createdBy": "admin",
                      "createdTime": "2018-09-27T10:17:44.444Z",
                      "lastUpdatedBy": "admin",
                      "lastUpdatedTime": "2018-09-27T11:37:03.570Z",
                      "parentCommentId": "ebf03093-74a3-4cd3-b5d0-a30d32a90f4b",
                      "replies": Array [],
                      "username": "admin",
                    }
                  }
                  editIndex={-1}
                  handleClickOpen={[Function]}
                  index={0}
                  showEditComment={[Function]}
                />,
              ],
              "item": true,
              "xs": true,
              "zeroMinWidth": true,
            },
            "ref": null,
            "rendered": Array [
              Object {
                "instance": null,
                "key": undefined,
                "nodeType": "class",
                "props": Object {
                  "children": "admin",
                  "className": undefined,
                  "noWrap": true,
                  "variant": "body2",
                },
                "ref": null,
                "rendered": "admin",
                "type": [Function],
              },
              Object {
                "instance": null,
                "key": undefined,
                "nodeType": "class",
                "props": Object {
                  "children": "My new comment reply",
                  "className": undefined,
                },
                "ref": null,
                "rendered": "My new comment reply",
                "type": [Function],
              },
              false,
              false,
              Object {
                "instance": null,
                "key": undefined,
                "nodeType": "class",
                "props": Object {
                  "classes": Object {},
                  "comment": Object {
                    "category": "General",
                    "commentId": "adf03093-74a3-4cd3-b5d0-a30d32a90f4b",
                    "commentText": "My new comment reply",
                    "createdBy": "admin",
                    "createdTime": "2018-09-27T10:17:44.444Z",
                    "lastUpdatedBy": "admin",
                    "lastUpdatedTime": "2018-09-27T11:37:03.570Z",
                    "parentCommentId": "ebf03093-74a3-4cd3-b5d0-a30d32a90f4b",
                    "replies": Array [],
                    "username": "admin",
                  },
                  "editIndex": -1,
                  "handleClickOpen": [Function],
                  "index": 0,
                  "showAddComment": undefined,
                  "showEditComment": [Function],
                },
                "ref": null,
                "rendered": null,
                "type": [Function],
              },
            ],
            "type": [Function],
          },
        ],
        "type": [Function],
      },
      "type": "div",
    },
    Object {
      "instance": null,
      "key": "key-dialog",
      "nodeType": "class",
      "props": Object {
        "callback": [Function],
        "labelCancel": "Cancel",
        "labelOk": "Yes",
        "message": "Are you sure you want to delete this comment?",
        "open": false,
        "title": "Confirm Delete",
      },
      "ref": null,
      "rendered": null,
      "type": [Function],
    },
  ],
  Symbol(enzyme.__options__): Object {
    "adapter": ReactSixteenAdapter {
      "options": Object {
        "enableComponentDidUpdateOnSetState": true,
        "lifecycles": Object {
          "componentDidUpdate": Object {
            "onSetState": true,
          },
          "getDerivedStateFromProps": true,
          "getSnapshotBeforeUpdate": true,
          "setState": Object {
            "skipsComponentDidUpdateOnNullish": true,
          },
        },
      },
    },
  },
}
`;
